2025-12-06T10:52:09.378905Z  INFO tailwindcss_oxide::scanner: Provided sources:
2025-12-06T10:52:09.379011Z  INFO tailwindcss_oxide::scanner: Source: PublicSourceEntry { base: "/Users/sendiwkithnada/Documents/captiopro-saas", pattern: "**/*", negated: false }
2025-12-06T10:52:09.379497Z  INFO tailwindcss_oxide::scanner: Optimized sources:
2025-12-06T10:52:09.379501Z  INFO tailwindcss_oxide::scanner: Source: Auto { base: "/Users/sendiwkithnada/Documents/captiopro-saas" }
2025-12-06T10:52:09.380872Z  INFO scan_sources: tailwindcss_oxide::scanner: enter
2025-12-06T10:52:09.381426Z  INFO scan_sources: tailwindcss_oxide::scanner: Discovering "/Users/sendiwkithnada/Documents/captiopro-saas/quick-deploy.sh"
2025-12-06T10:52:09.381440Z  INFO scan_sources: tailwindcss_oxide::scanner: Discovering "/Users/sendiwkithnada/Documents/captiopro-saas/FOLLOW_THESE_STEPS.md"
2025-12-06T10:52:09.381452Z  INFO scan_sources: tailwindcss_oxide::scanner: Discovering "/Users/sendiwkithnada/Documents/captiopro-saas/PROJECT_STRUCTURE.md"
2025-12-06T10:52:09.381468Z  INFO scan_sources: tailwindcss_oxide::scanner: Discovering "/Users/sendiwkithnada/Documents/captiopro-saas/netlify.toml"
2025-12-06T10:52:09.381476Z  INFO scan_sources: tailwindcss_oxide::scanner: Discovering "/Users/sendiwkithnada/Documents/captiopro-saas/vercel.json"
2025-12-06T10:52:09.381487Z  INFO scan_sources: tailwindcss_oxide::scanner: Discovering "/Users/sendiwkithnada/Documents/captiopro-saas/postcss.config.mjs"
2025-12-06T10:52:09.381495Z  INFO scan_sources: tailwindcss_oxide::scanner: Discovering "/Users/sendiwkithnada/Documents/captiopro-saas/DATABASE_QUICK_START.md"
2025-12-06T10:52:09.381563Z  INFO scan_sources: tailwindcss_oxide::scanner: Discovering "/Users/sendiwkithnada/Documents/captiopro-saas/prisma"
2025-12-06T10:52:09.381589Z  INFO scan_sources: tailwindcss_oxide::scanner: Discovering "/Users/sendiwkithnada/Documents/captiopro-saas/prisma/migrations"
2025-12-06T10:52:09.381608Z  INFO scan_sources: tailwindcss_oxide::scanner: Discovering "/Users/sendiwkithnada/Documents/captiopro-saas/prisma/migrations/migration_lock.toml"
2025-12-06T10:52:09.381625Z  INFO scan_sources: tailwindcss_oxide::scanner: Discovering "/Users/sendiwkithnada/Documents/captiopro-saas/prisma/migrations/20251206095250_init_postgresql"
2025-12-06T10:52:09.381642Z  INFO scan_sources: tailwindcss_oxide::scanner: Discovering "/Users/sendiwkithnada/Documents/captiopro-saas/prisma/migrations/20251206095250_init_postgresql/migration.sql"
2025-12-06T10:52:09.381654Z  INFO scan_sources: tailwindcss_oxide::scanner: Discovering "/Users/sendiwkithnada/Documents/captiopro-saas/prisma/schema.prisma"
2025-12-06T10:52:09.381663Z  INFO scan_sources: tailwindcss_oxide::scanner: Discovering "/Users/sendiwkithnada/Documents/captiopro-saas/prisma/schema.production.prisma"
2025-12-06T10:52:09.381670Z  INFO scan_sources: tailwindcss_oxide::scanner: Discovering "/Users/sendiwkithnada/Documents/captiopro-saas/setup-database.sh"
2025-12-06T10:52:09.381677Z  INFO scan_sources: tailwindcss_oxide::scanner: Discovering "/Users/sendiwkithnada/Documents/captiopro-saas/READY_TO_DEPLOY.md"
2025-12-06T10:52:09.381708Z  INFO scan_sources: tailwindcss_oxide::scanner: Discovering "/Users/sendiwkithnada/Documents/captiopro-saas/DEPLOY_NOW.md"
2025-12-06T10:52:09.381716Z  INFO scan_sources: tailwindcss_oxide::scanner: Discovering "/Users/sendiwkithnada/Documents/captiopro-saas/README.md"
2025-12-06T10:52:09.381724Z  INFO scan_sources: tailwindcss_oxide::scanner: Discovering "/Users/sendiwkithnada/Documents/captiopro-saas/tailwind.config.ts"
2025-12-06T10:52:09.381730Z  INFO scan_sources: tailwindcss_oxide::scanner: Discovering "/Users/sendiwkithnada/Documents/captiopro-saas/CLEANUP_COMPLETE.md"
2025-12-06T10:52:09.381737Z  INFO scan_sources: tailwindcss_oxide::scanner: Discovering "/Users/sendiwkithnada/Documents/captiopro-saas/PERSISTENT_AUTH_SYSTEM.md"
2025-12-06T10:52:09.381750Z  INFO scan_sources: tailwindcss_oxide::scanner: Discovering "/Users/sendiwkithnada/Documents/captiopro-saas/public"
2025-12-06T10:52:09.381766Z  INFO scan_sources: tailwindcss_oxide::scanner: Discovering "/Users/sendiwkithnada/Documents/captiopro-saas/public/file.svg"
2025-12-06T10:52:09.381778Z  INFO scan_sources: tailwindcss_oxide::scanner: Discovering "/Users/sendiwkithnada/Documents/captiopro-saas/public/vercel.svg"
2025-12-06T10:52:09.381785Z  INFO scan_sources: tailwindcss_oxide::scanner: Discovering "/Users/sendiwkithnada/Documents/captiopro-saas/public/manifest.json"
2025-12-06T10:52:09.381793Z  INFO scan_sources: tailwindcss_oxide::scanner: Discovering "/Users/sendiwkithnada/Documents/captiopro-saas/public/next.svg"
2025-12-06T10:52:09.381800Z  INFO scan_sources: tailwindcss_oxide::scanner: Discovering "/Users/sendiwkithnada/Documents/captiopro-saas/public/sitemap.xml"
2025-12-06T10:52:09.381808Z  INFO scan_sources: tailwindcss_oxide::scanner: Discovering "/Users/sendiwkithnada/Documents/captiopro-saas/public/robots.txt"
2025-12-06T10:52:09.381815Z  INFO scan_sources: tailwindcss_oxide::scanner: Discovering "/Users/sendiwkithnada/Documents/captiopro-saas/public/globe.svg"
2025-12-06T10:52:09.381822Z  INFO scan_sources: tailwindcss_oxide::scanner: Discovering "/Users/sendiwkithnada/Documents/captiopro-saas/public/window.svg"
2025-12-06T10:52:09.381840Z  INFO scan_sources: tailwindcss_oxide::scanner: Discovering "/Users/sendiwkithnada/Documents/captiopro-saas/package.json"
2025-12-06T10:52:09.381846Z  INFO scan_sources: tailwindcss_oxide::scanner: Discovering "/Users/sendiwkithnada/Documents/captiopro-saas/DEPLOYMENT.md"
2025-12-06T10:52:09.381874Z  INFO scan_sources: tailwindcss_oxide::scanner: Discovering "/Users/sendiwkithnada/Documents/captiopro-saas/NEON_SETUP_COMPLETE.md"
2025-12-06T10:52:09.381880Z  INFO scan_sources: tailwindcss_oxide::scanner: Discovering "/Users/sendiwkithnada/Documents/captiopro-saas/USER_DROPDOWN_FEATURE.md"
2025-12-06T10:52:09.381887Z  INFO scan_sources: tailwindcss_oxide::scanner: Discovering "/Users/sendiwkithnada/Documents/captiopro-saas/tsconfig.json"
2025-12-06T10:52:09.381895Z  INFO scan_sources: tailwindcss_oxide::scanner: Discovering "/Users/sendiwkithnada/Documents/captiopro-saas/DATABASE_SETUP.md"
2025-12-06T10:52:09.381919Z  INFO scan_sources: tailwindcss_oxide::scanner: Discovering "/Users/sendiwkithnada/Documents/captiopro-saas/eslint.config.mjs"
2025-12-06T10:52:09.381926Z  INFO scan_sources: tailwindcss_oxide::scanner: Discovering "/Users/sendiwkithnada/Documents/captiopro-saas/next.config.ts"
2025-12-06T10:52:09.381939Z  INFO scan_sources: tailwindcss_oxide::scanner: Discovering "/Users/sendiwkithnada/Documents/captiopro-saas/src"
2025-12-06T10:52:09.381964Z  INFO scan_sources: tailwindcss_oxide::scanner: Discovering "/Users/sendiwkithnada/Documents/captiopro-saas/src/app"
2025-12-06T10:52:09.381987Z  INFO scan_sources: tailwindcss_oxide::scanner: Discovering "/Users/sendiwkithnada/Documents/captiopro-saas/src/app/contact"
2025-12-06T10:52:09.382004Z  INFO scan_sources: tailwindcss_oxide::scanner: Discovering "/Users/sendiwkithnada/Documents/captiopro-saas/src/app/contact/page.tsx"
2025-12-06T10:52:09.382021Z  INFO scan_sources: tailwindcss_oxide::scanner: Discovering "/Users/sendiwkithnada/Documents/captiopro-saas/src/app/privacy"
2025-12-06T10:52:09.382036Z  INFO scan_sources: tailwindcss_oxide::scanner: Discovering "/Users/sendiwkithnada/Documents/captiopro-saas/src/app/privacy/page.tsx"
2025-12-06T10:52:09.382051Z  INFO scan_sources: tailwindcss_oxide::scanner: Discovering "/Users/sendiwkithnada/Documents/captiopro-saas/src/app/signup"
2025-12-06T10:52:09.382065Z  INFO scan_sources: tailwindcss_oxide::scanner: Discovering "/Users/sendiwkithnada/Documents/captiopro-saas/src/app/signup/page.tsx"
2025-12-06T10:52:09.382079Z  INFO scan_sources: tailwindcss_oxide::scanner: Discovering "/Users/sendiwkithnada/Documents/captiopro-saas/src/app/features"
2025-12-06T10:52:09.382093Z  INFO scan_sources: tailwindcss_oxide::scanner: Discovering "/Users/sendiwkithnada/Documents/captiopro-saas/src/app/features/page.tsx"
2025-12-06T10:52:09.382106Z  INFO scan_sources: tailwindcss_oxide::scanner: Discovering "/Users/sendiwkithnada/Documents/captiopro-saas/src/app/terms"
2025-12-06T10:52:09.382125Z  INFO scan_sources: tailwindcss_oxide::scanner: Discovering "/Users/sendiwkithnada/Documents/captiopro-saas/src/app/terms/page.tsx"
2025-12-06T10:52:09.382140Z  INFO scan_sources: tailwindcss_oxide::scanner: Discovering "/Users/sendiwkithnada/Documents/captiopro-saas/src/app/admin"
2025-12-06T10:52:09.382154Z  INFO scan_sources: tailwindcss_oxide::scanner: Discovering "/Users/sendiwkithnada/Documents/captiopro-saas/src/app/admin/page.tsx"
2025-12-06T10:52:09.382169Z  INFO scan_sources: tailwindcss_oxide::scanner: Discovering "/Users/sendiwkithnada/Documents/captiopro-saas/src/app/about"
2025-12-06T10:52:09.382183Z  INFO scan_sources: tailwindcss_oxide::scanner: Discovering "/Users/sendiwkithnada/Documents/captiopro-saas/src/app/about/page.tsx"
2025-12-06T10:52:09.382199Z  INFO scan_sources: tailwindcss_oxide::scanner: Discovering "/Users/sendiwkithnada/Documents/captiopro-saas/src/app/blog"
2025-12-06T10:52:09.382214Z  INFO scan_sources: tailwindcss_oxide::scanner: Discovering "/Users/sendiwkithnada/Documents/captiopro-saas/src/app/blog/page.tsx"
2025-12-06T10:52:09.382229Z  INFO scan_sources: tailwindcss_oxide::scanner: Discovering "/Users/sendiwkithnada/Documents/captiopro-saas/src/app/dashboard"
2025-12-06T10:52:09.382244Z  INFO scan_sources: tailwindcss_oxide::scanner: Discovering "/Users/sendiwkithnada/Documents/captiopro-saas/src/app/dashboard/page.tsx"
2025-12-06T10:52:09.382253Z  INFO scan_sources: tailwindcss_oxide::scanner: Discovering "/Users/sendiwkithnada/Documents/captiopro-saas/src/app/layout.tsx"
2025-12-06T10:52:09.382268Z  INFO scan_sources: tailwindcss_oxide::scanner: Discovering "/Users/sendiwkithnada/Documents/captiopro-saas/src/app/api"
2025-12-06T10:52:09.382289Z  INFO scan_sources: tailwindcss_oxide::scanner: Discovering "/Users/sendiwkithnada/Documents/captiopro-saas/src/app/api/auth"
2025-12-06T10:52:09.382314Z  INFO scan_sources: tailwindcss_oxide::scanner: Discovering "/Users/sendiwkithnada/Documents/captiopro-saas/src/app/api/auth/signup"
2025-12-06T10:52:09.382329Z  INFO scan_sources: tailwindcss_oxide::scanner: Discovering "/Users/sendiwkithnada/Documents/captiopro-saas/src/app/api/auth/signup/route.ts"
2025-12-06T10:52:09.382345Z  INFO scan_sources: tailwindcss_oxide::scanner: Discovering "/Users/sendiwkithnada/Documents/captiopro-saas/src/app/api/auth/login"
2025-12-06T10:52:09.382360Z  INFO scan_sources: tailwindcss_oxide::scanner: Discovering "/Users/sendiwkithnada/Documents/captiopro-saas/src/app/api/auth/login/route.ts"
2025-12-06T10:52:09.382376Z  INFO scan_sources: tailwindcss_oxide::scanner: Discovering "/Users/sendiwkithnada/Documents/captiopro-saas/src/app/account"
2025-12-06T10:52:09.382392Z  INFO scan_sources: tailwindcss_oxide::scanner: Discovering "/Users/sendiwkithnada/Documents/captiopro-saas/src/app/account/page.tsx"
2025-12-06T10:52:09.382402Z  INFO scan_sources: tailwindcss_oxide::scanner: Discovering "/Users/sendiwkithnada/Documents/captiopro-saas/src/app/page.tsx"
2025-12-06T10:52:09.382416Z  INFO scan_sources: tailwindcss_oxide::scanner: Discovering "/Users/sendiwkithnada/Documents/captiopro-saas/src/app/pricing"
2025-12-06T10:52:09.382429Z  INFO scan_sources: tailwindcss_oxide::scanner: Discovering "/Users/sendiwkithnada/Documents/captiopro-saas/src/app/pricing/page.tsx"
2025-12-06T10:52:09.382437Z  INFO scan_sources: tailwindcss_oxide::scanner: Discovering "/Users/sendiwkithnada/Documents/captiopro-saas/src/app/globals.css"
2025-12-06T10:52:09.382451Z  INFO scan_sources: tailwindcss_oxide::scanner: Discovering "/Users/sendiwkithnada/Documents/captiopro-saas/src/app/login"
2025-12-06T10:52:09.382467Z  INFO scan_sources: tailwindcss_oxide::scanner: Discovering "/Users/sendiwkithnada/Documents/captiopro-saas/src/app/login/page.tsx"
2025-12-06T10:52:09.382485Z  INFO scan_sources: tailwindcss_oxide::scanner: Discovering "/Users/sendiwkithnada/Documents/captiopro-saas/src/components"
2025-12-06T10:52:09.382507Z  INFO scan_sources: tailwindcss_oxide::scanner: Discovering "/Users/sendiwkithnada/Documents/captiopro-saas/src/components/UseCases.tsx"
2025-12-06T10:52:09.382520Z  INFO scan_sources: tailwindcss_oxide::scanner: Discovering "/Users/sendiwkithnada/Documents/captiopro-saas/src/components/GradientText.tsx"
2025-12-06T10:52:09.382530Z  INFO scan_sources: tailwindcss_oxide::scanner: Discovering "/Users/sendiwkithnada/Documents/captiopro-saas/src/components/Navbar.tsx"
2025-12-06T10:52:09.382539Z  INFO scan_sources: tailwindcss_oxide::scanner: Discovering "/Users/sendiwkithnada/Documents/captiopro-saas/src/components/TestimonialCard.tsx"
2025-12-06T10:52:09.382546Z  INFO scan_sources: tailwindcss_oxide::scanner: Discovering "/Users/sendiwkithnada/Documents/captiopro-saas/src/components/SkeletonLoader.tsx"
2025-12-06T10:52:09.382556Z  INFO scan_sources: tailwindcss_oxide::scanner: Discovering "/Users/sendiwkithnada/Documents/captiopro-saas/src/components/HowItWorks.tsx"
2025-12-06T10:52:09.382564Z  INFO scan_sources: tailwindcss_oxide::scanner: Discovering "/Users/sendiwkithnada/Documents/captiopro-saas/src/components/Comparison.tsx"
2025-12-06T10:52:09.382572Z  INFO scan_sources: tailwindcss_oxide::scanner: Discovering "/Users/sendiwkithnada/Documents/captiopro-saas/src/components/CountUpAnimation.tsx"
2025-12-06T10:52:09.382608Z  INFO scan_sources: tailwindcss_oxide::scanner: Discovering "/Users/sendiwkithnada/Documents/captiopro-saas/src/components/AnimatedCard.tsx"
2025-12-06T10:52:09.382616Z  INFO scan_sources: tailwindcss_oxide::scanner: Discovering "/Users/sendiwkithnada/Documents/captiopro-saas/src/components/NeumorphicButton.tsx"
2025-12-06T10:52:09.382625Z  INFO scan_sources: tailwindcss_oxide::scanner: Discovering "/Users/sendiwkithnada/Documents/captiopro-saas/src/components/IconRenderer.tsx"
2025-12-06T10:52:09.382634Z  INFO scan_sources: tailwindcss_oxide::scanner: Discovering "/Users/sendiwkithnada/Documents/captiopro-saas/src/components/Footer.tsx"
2025-12-06T10:52:09.382642Z  INFO scan_sources: tailwindcss_oxide::scanner: Discovering "/Users/sendiwkithnada/Documents/captiopro-saas/src/components/Logo.tsx"
2025-12-06T10:52:09.382651Z  INFO scan_sources: tailwindcss_oxide::scanner: Discovering "/Users/sendiwkithnada/Documents/captiopro-saas/src/components/Icons.tsx"
2025-12-06T10:52:09.382659Z  INFO scan_sources: tailwindcss_oxide::scanner: Discovering "/Users/sendiwkithnada/Documents/captiopro-saas/src/components/Badge.tsx"
2025-12-06T10:52:09.382670Z  INFO scan_sources: tailwindcss_oxide::scanner: Discovering "/Users/sendiwkithnada/Documents/captiopro-saas/src/components/index.ts"
2025-12-06T10:52:09.382717Z  INFO scan_sources: tailwindcss_oxide::scanner: Discovering "/Users/sendiwkithnada/Documents/captiopro-saas/src/components/GlowEffect.tsx"
2025-12-06T10:52:09.382739Z  INFO scan_sources: tailwindcss_oxide::scanner: Discovering "/Users/sendiwkithnada/Documents/captiopro-saas/src/components/TryItNow.tsx"
2025-12-06T10:52:09.382751Z  INFO scan_sources: tailwindcss_oxide::scanner: Discovering "/Users/sendiwkithnada/Documents/captiopro-saas/src/components/TrustSignals.tsx"
2025-12-06T10:52:09.382775Z  INFO scan_sources: tailwindcss_oxide::scanner: Discovering "/Users/sendiwkithnada/Documents/captiopro-saas/src/lib"
2025-12-06T10:52:09.382804Z  INFO scan_sources: tailwindcss_oxide::scanner: Discovering "/Users/sendiwkithnada/Documents/captiopro-saas/src/lib/prisma"
2025-12-06T10:52:09.382822Z  INFO scan_sources: tailwindcss_oxide::scanner: Discovering "/Users/sendiwkithnada/Documents/captiopro-saas/src/lib/prisma/client.ts"
2025-12-06T10:52:09.382833Z  INFO scan_sources: tailwindcss_oxide::scanner: Discovering "/Users/sendiwkithnada/Documents/captiopro-saas/src/lib/constants.ts"
2025-12-06T10:52:09.382842Z  INFO scan_sources: tailwindcss_oxide::scanner: Discovering "/Users/sendiwkithnada/Documents/captiopro-saas/src/lib/emails.ts"
2025-12-06T10:52:09.382849Z  INFO scan_sources: tailwindcss_oxide::scanner: Discovering "/Users/sendiwkithnada/Documents/captiopro-saas/src/lib/auth.ts"
2025-12-06T10:52:09.382877Z  INFO scan_sources: tailwindcss_oxide::scanner: exit
2025-12-06T10:52:09.382881Z  INFO extract_candidates: tailwindcss_oxide::scanner: enter
2025-12-06T10:52:09.382888Z  INFO extract_candidates:read_all_files: tailwindcss_oxide::scanner: enter
2025-12-06T10:52:09.382890Z  INFO extract_candidates:read_all_files: tailwindcss_oxide::scanner: Reading 73 file(s)
2025-12-06T10:52:09.383039Z  INFO tailwindcss_oxide::scanner: Reading "/Users/sendiwkithnada/Documents/captiopro-saas/src/app/signup/page.tsx"
2025-12-06T10:52:09.383048Z  INFO tailwindcss_oxide::scanner: Reading "/Users/sendiwkithnada/Documents/captiopro-saas/next.config.ts"
2025-12-06T10:52:09.383069Z  INFO tailwindcss_oxide::scanner: Reading "/Users/sendiwkithnada/Documents/captiopro-saas/src/app/features/page.tsx"
2025-12-06T10:52:09.383070Z  INFO tailwindcss_oxide::scanner: Reading "/Users/sendiwkithnada/Documents/captiopro-saas/src/app/contact/page.tsx"
2025-12-06T10:52:09.383088Z  INFO tailwindcss_oxide::scanner: Reading "/Users/sendiwkithnada/Documents/captiopro-saas/src/app/privacy/page.tsx"
2025-12-06T10:52:09.383099Z  INFO tailwindcss_oxide::scanner: Reading "/Users/sendiwkithnada/Documents/captiopro-saas/src/app/terms/page.tsx"
2025-12-06T10:52:09.383121Z  INFO tailwindcss_oxide::scanner: Reading "/Users/sendiwkithnada/Documents/captiopro-saas/src/app/admin/page.tsx"
2025-12-06T10:52:09.383135Z  INFO tailwindcss_oxide::scanner: Reading "/Users/sendiwkithnada/Documents/captiopro-saas/src/app/about/page.tsx"
2025-12-06T10:52:09.383145Z  INFO tailwindcss_oxide::scanner: Reading "/Users/sendiwkithnada/Documents/captiopro-saas/DEPLOYMENT.md"
2025-12-06T10:52:09.383148Z  INFO tailwindcss_oxide::scanner: Reading "/Users/sendiwkithnada/Documents/captiopro-saas/src/app/blog/page.tsx"
2025-12-06T10:52:09.383154Z  INFO tailwindcss_oxide::scanner: Reading "/Users/sendiwkithnada/Documents/captiopro-saas/public/file.svg"
2025-12-06T10:52:09.383163Z  INFO tailwindcss_oxide::scanner: Reading "/Users/sendiwkithnada/Documents/captiopro-saas/src/app/dashboard/page.tsx"
2025-12-06T10:52:09.383181Z  INFO tailwindcss_oxide::scanner: Reading "/Users/sendiwkithnada/Documents/captiopro-saas/src/app/layout.tsx"
2025-12-06T10:52:09.383188Z  INFO tailwindcss_oxide::scanner: Reading "/Users/sendiwkithnada/Documents/captiopro-saas/public/sitemap.xml"
2025-12-06T10:52:09.383189Z  INFO tailwindcss_oxide::scanner: Reading "/Users/sendiwkithnada/Documents/captiopro-saas/NEON_SETUP_COMPLETE.md"
2025-12-06T10:52:09.383197Z  INFO tailwindcss_oxide::scanner: Reading "/Users/sendiwkithnada/Documents/captiopro-saas/src/app/api/auth/signup/route.ts"
2025-12-06T10:52:09.383201Z  INFO tailwindcss_oxide::scanner: Reading "/Users/sendiwkithnada/Documents/captiopro-saas/prisma/schema.prisma"
2025-12-06T10:52:09.383216Z  INFO tailwindcss_oxide::scanner: Reading "/Users/sendiwkithnada/Documents/captiopro-saas/src/app/api/auth/login/route.ts"
2025-12-06T10:52:09.383222Z  INFO tailwindcss_oxide::scanner: Reading "/Users/sendiwkithnada/Documents/captiopro-saas/eslint.config.mjs"
2025-12-06T10:52:09.383235Z  INFO tailwindcss_oxide::scanner: Reading "/Users/sendiwkithnada/Documents/captiopro-saas/src/app/account/page.tsx"
2025-12-06T10:52:09.383241Z  INFO tailwindcss_oxide::scanner: Reading "/Users/sendiwkithnada/Documents/captiopro-saas/quick-deploy.sh"
2025-12-06T10:52:09.383254Z  INFO tailwindcss_oxide::scanner: Reading "/Users/sendiwkithnada/Documents/captiopro-saas/src/app/page.tsx"
2025-12-06T10:52:09.383261Z  INFO tailwindcss_oxide::scanner: Reading "/Users/sendiwkithnada/Documents/captiopro-saas/DATABASE_SETUP.md"
2025-12-06T10:52:09.383268Z  INFO tailwindcss_oxide::scanner: Reading "/Users/sendiwkithnada/Documents/captiopro-saas/USER_DROPDOWN_FEATURE.md"
2025-12-06T10:52:09.383270Z  INFO tailwindcss_oxide::scanner: Reading "/Users/sendiwkithnada/Documents/captiopro-saas/src/app/pricing/page.tsx"
2025-12-06T10:52:09.383277Z  INFO tailwindcss_oxide::scanner: Reading "/Users/sendiwkithnada/Documents/captiopro-saas/public/globe.svg"
2025-12-06T10:52:09.383282Z  INFO tailwindcss_oxide::scanner: Reading "/Users/sendiwkithnada/Documents/captiopro-saas/tsconfig.json"
2025-12-06T10:52:09.383302Z  INFO tailwindcss_oxide::scanner: Reading "/Users/sendiwkithnada/Documents/captiopro-saas/package.json"
2025-12-06T10:52:09.383306Z  INFO tailwindcss_oxide::scanner: Reading "/Users/sendiwkithnada/Documents/captiopro-saas/public/vercel.svg"
2025-12-06T10:52:09.383315Z  INFO tailwindcss_oxide::scanner: Reading "/Users/sendiwkithnada/Documents/captiopro-saas/public/manifest.json"
2025-12-06T10:52:09.383320Z  INFO tailwindcss_oxide::scanner: Reading "/Users/sendiwkithnada/Documents/captiopro-saas/src/app/login/page.tsx"
2025-12-06T10:52:09.383330Z  INFO tailwindcss_oxide::scanner: Reading "/Users/sendiwkithnada/Documents/captiopro-saas/netlify.toml"
2025-12-06T10:52:09.383343Z  INFO tailwindcss_oxide::scanner: Reading "/Users/sendiwkithnada/Documents/captiopro-saas/src/components/UseCases.tsx"
2025-12-06T10:52:09.383346Z  INFO tailwindcss_oxide::scanner: Reading "/Users/sendiwkithnada/Documents/captiopro-saas/src/components/SkeletonLoader.tsx"
2025-12-06T10:52:09.383360Z  INFO tailwindcss_oxide::scanner: Reading "/Users/sendiwkithnada/Documents/captiopro-saas/src/components/GradientText.tsx"
2025-12-06T10:52:09.383364Z  INFO tailwindcss_oxide::scanner: Reading "/Users/sendiwkithnada/Documents/captiopro-saas/src/components/HowItWorks.tsx"
2025-12-06T10:52:09.383377Z  INFO tailwindcss_oxide::scanner: Reading "/Users/sendiwkithnada/Documents/captiopro-saas/prisma/schema.production.prisma"
2025-12-06T10:52:09.383378Z  INFO tailwindcss_oxide::scanner: Reading "/Users/sendiwkithnada/Documents/captiopro-saas/src/components/Navbar.tsx"
2025-12-06T10:52:09.383385Z  INFO tailwindcss_oxide::scanner: Reading "/Users/sendiwkithnada/Documents/captiopro-saas/src/components/Comparison.tsx"
2025-12-06T10:52:09.383400Z  INFO tailwindcss_oxide::scanner: Reading "/Users/sendiwkithnada/Documents/captiopro-saas/public/window.svg"
2025-12-06T10:52:09.383403Z  INFO tailwindcss_oxide::scanner: Reading "/Users/sendiwkithnada/Documents/captiopro-saas/src/components/TestimonialCard.tsx"
2025-12-06T10:52:09.383405Z  INFO tailwindcss_oxide::scanner: Reading "/Users/sendiwkithnada/Documents/captiopro-saas/src/components/CountUpAnimation.tsx"
2025-12-06T10:52:09.383416Z  INFO tailwindcss_oxide::scanner: Reading "/Users/sendiwkithnada/Documents/captiopro-saas/public/robots.txt"
2025-12-06T10:52:09.383426Z  INFO tailwindcss_oxide::scanner: Reading "/Users/sendiwkithnada/Documents/captiopro-saas/src/components/AnimatedCard.tsx"
2025-12-06T10:52:09.383442Z  INFO tailwindcss_oxide::scanner: Reading "/Users/sendiwkithnada/Documents/captiopro-saas/src/components/NeumorphicButton.tsx"
2025-12-06T10:52:09.383458Z  INFO tailwindcss_oxide::scanner: Reading "/Users/sendiwkithnada/Documents/captiopro-saas/src/components/IconRenderer.tsx"
2025-12-06T10:52:09.383461Z  INFO tailwindcss_oxide::scanner: Reading "/Users/sendiwkithnada/Documents/captiopro-saas/vercel.json"
2025-12-06T10:52:09.383471Z  INFO tailwindcss_oxide::scanner: Reading "/Users/sendiwkithnada/Documents/captiopro-saas/src/components/Footer.tsx"
2025-12-06T10:52:09.383476Z  INFO tailwindcss_oxide::scanner: Reading "/Users/sendiwkithnada/Documents/captiopro-saas/postcss.config.mjs"
2025-12-06T10:52:09.383478Z  INFO tailwindcss_oxide::scanner: Reading "/Users/sendiwkithnada/Documents/captiopro-saas/public/next.svg"
2025-12-06T10:52:09.383483Z  INFO tailwindcss_oxide::scanner: Reading "/Users/sendiwkithnada/Documents/captiopro-saas/PROJECT_STRUCTURE.md"
2025-12-06T10:52:09.383491Z  INFO tailwindcss_oxide::scanner: Reading "/Users/sendiwkithnada/Documents/captiopro-saas/src/components/Logo.tsx"
2025-12-06T10:52:09.383498Z  INFO tailwindcss_oxide::scanner: Reading "/Users/sendiwkithnada/Documents/captiopro-saas/src/components/Icons.tsx"
2025-12-06T10:52:09.383507Z  INFO tailwindcss_oxide::scanner: Reading "/Users/sendiwkithnada/Documents/captiopro-saas/DATABASE_QUICK_START.md"
2025-12-06T10:52:09.383507Z  INFO tailwindcss_oxide::scanner: Reading "/Users/sendiwkithnada/Documents/captiopro-saas/tailwind.config.ts"
2025-12-06T10:52:09.383513Z  INFO tailwindcss_oxide::scanner: Reading "/Users/sendiwkithnada/Documents/captiopro-saas/src/components/Badge.tsx"
2025-12-06T10:52:09.383507Z  INFO tailwindcss_oxide::scanner: Reading "/Users/sendiwkithnada/Documents/captiopro-saas/src/components/TrustSignals.tsx"
2025-12-06T10:52:09.383536Z  INFO tailwindcss_oxide::scanner: Reading "/Users/sendiwkithnada/Documents/captiopro-saas/src/lib/prisma/client.ts"
2025-12-06T10:52:09.383541Z  INFO tailwindcss_oxide::scanner: Reading "/Users/sendiwkithnada/Documents/captiopro-saas/src/components/index.ts"
2025-12-06T10:52:09.383548Z  INFO tailwindcss_oxide::scanner: Reading "/Users/sendiwkithnada/Documents/captiopro-saas/FOLLOW_THESE_STEPS.md"
2025-12-06T10:52:09.383555Z  INFO tailwindcss_oxide::scanner: Reading "/Users/sendiwkithnada/Documents/captiopro-saas/src/components/GlowEffect.tsx"
2025-12-06T10:52:09.383565Z  INFO tailwindcss_oxide::scanner: Reading "/Users/sendiwkithnada/Documents/captiopro-saas/prisma/migrations/migration_lock.toml"
2025-12-06T10:52:09.383568Z  INFO tailwindcss_oxide::scanner: Reading "/Users/sendiwkithnada/Documents/captiopro-saas/src/components/TryItNow.tsx"
2025-12-06T10:52:09.383566Z  INFO tailwindcss_oxide::scanner: Reading "/Users/sendiwkithnada/Documents/captiopro-saas/prisma/migrations/20251206095250_init_postgresql/migration.sql"
2025-12-06T10:52:09.383583Z  INFO tailwindcss_oxide::scanner: Reading "/Users/sendiwkithnada/Documents/captiopro-saas/src/lib/auth.ts"
2025-12-06T10:52:09.383577Z  INFO tailwindcss_oxide::scanner: Reading "/Users/sendiwkithnada/Documents/captiopro-saas/src/lib/constants.ts"
2025-12-06T10:52:09.384038Z  INFO tailwindcss_oxide::scanner: Reading "/Users/sendiwkithnada/Documents/captiopro-saas/README.md"
2025-12-06T10:52:09.384123Z  INFO tailwindcss_oxide::scanner: Reading "/Users/sendiwkithnada/Documents/captiopro-saas/READY_TO_DEPLOY.md"
2025-12-06T10:52:09.384136Z  INFO tailwindcss_oxide::scanner: Reading "/Users/sendiwkithnada/Documents/captiopro-saas/DEPLOY_NOW.md"
2025-12-06T10:52:09.384203Z  INFO tailwindcss_oxide::scanner: Reading "/Users/sendiwkithnada/Documents/captiopro-saas/PERSISTENT_AUTH_SYSTEM.md"
2025-12-06T10:52:09.384214Z  INFO tailwindcss_oxide::scanner: Reading "/Users/sendiwkithnada/Documents/captiopro-saas/src/lib/emails.ts"
2025-12-06T10:52:09.384225Z  INFO tailwindcss_oxide::scanner: Reading "/Users/sendiwkithnada/Documents/captiopro-saas/setup-database.sh"
2025-12-06T10:52:09.384356Z  INFO tailwindcss_oxide::scanner: Reading "/Users/sendiwkithnada/Documents/captiopro-saas/CLEANUP_COMPLETE.md"
2025-12-06T10:52:09.384451Z  INFO extract_candidates:read_all_files: tailwindcss_oxide::scanner: exit
2025-12-06T10:52:09.384456Z  INFO extract_candidates:parse_all_blobs: tailwindcss_oxide::scanner: enter
2025-12-06T10:52:09.384458Z  INFO extract_candidates:parse_all_blobs:extract: tailwindcss_oxide::scanner: enter
2025-12-06T10:52:09.385947Z  INFO extract_candidates:parse_all_blobs:extract: tailwindcss_oxide::scanner: exit
2025-12-06T10:52:09.385954Z  INFO extract_candidates:parse_all_blobs: tailwindcss_oxide::scanner: exit
2025-12-06T10:52:09.385956Z  INFO extract_candidates:read_all_files: tailwindcss_oxide::scanner: enter
2025-12-06T10:52:09.385958Z  INFO extract_candidates:read_all_files: tailwindcss_oxide::scanner: Reading 1 file(s)
2025-12-06T10:52:09.385973Z  INFO extract_candidates:read_all_files: tailwindcss_oxide::scanner: Reading "/Users/sendiwkithnada/Documents/captiopro-saas/src/app/globals.css"
2025-12-06T10:52:09.385976Z  INFO extract_candidates:read_all_files: tailwindcss_oxide::scanner: exit
2025-12-06T10:52:09.385978Z  INFO extract_candidates:extract_css_variables: tailwindcss_oxide::scanner: enter
2025-12-06T10:52:09.385980Z  INFO extract_candidates:extract_css_variables:extract: tailwindcss_oxide::scanner: enter
2025-12-06T10:52:09.386108Z  INFO extract_candidates:extract_css_variables:extract: tailwindcss_oxide::scanner: exit
2025-12-06T10:52:09.386111Z  INFO extract_candidates:extract_css_variables: tailwindcss_oxide::scanner: exit
2025-12-06T10:52:09.386450Z  INFO extract_candidates: tailwindcss_oxide::scanner: exit
2025-12-06T10:52:09.386935Z  INFO get_files: tailwindcss_oxide::scanner: enter
2025-12-06T10:52:09.386941Z  INFO get_files:scan_sources: tailwindcss_oxide::scanner: enter
2025-12-06T10:52:09.387224Z  INFO get_files:scan_sources: tailwindcss_oxide::scanner: Discovering "/Users/sendiwkithnada/Documents/captiopro-saas/prisma"
2025-12-06T10:52:09.387250Z  INFO get_files:scan_sources: tailwindcss_oxide::scanner: Discovering "/Users/sendiwkithnada/Documents/captiopro-saas/prisma/migrations"
2025-12-06T10:52:09.387279Z  INFO get_files:scan_sources: tailwindcss_oxide::scanner: Discovering "/Users/sendiwkithnada/Documents/captiopro-saas/prisma/migrations/20251206095250_init_postgresql"
2025-12-06T10:52:09.387352Z  INFO get_files:scan_sources: tailwindcss_oxide::scanner: Discovering "/Users/sendiwkithnada/Documents/captiopro-saas/public"
2025-12-06T10:52:09.387467Z  INFO get_files:scan_sources: tailwindcss_oxide::scanner: Discovering "/Users/sendiwkithnada/Documents/captiopro-saas/src"
2025-12-06T10:52:09.387489Z  INFO get_files:scan_sources: tailwindcss_oxide::scanner: Discovering "/Users/sendiwkithnada/Documents/captiopro-saas/src/app"
2025-12-06T10:52:09.387514Z  INFO get_files:scan_sources: tailwindcss_oxide::scanner: Discovering "/Users/sendiwkithnada/Documents/captiopro-saas/src/app/contact"
2025-12-06T10:52:09.387541Z  INFO get_files:scan_sources: tailwindcss_oxide::scanner: Discovering "/Users/sendiwkithnada/Documents/captiopro-saas/src/app/privacy"
2025-12-06T10:52:09.387565Z  INFO get_files:scan_sources: tailwindcss_oxide::scanner: Discovering "/Users/sendiwkithnada/Documents/captiopro-saas/src/app/signup"
2025-12-06T10:52:09.387589Z  INFO get_files:scan_sources: tailwindcss_oxide::scanner: Discovering "/Users/sendiwkithnada/Documents/captiopro-saas/src/app/features"
2025-12-06T10:52:09.387612Z  INFO get_files:scan_sources: tailwindcss_oxide::scanner: Discovering "/Users/sendiwkithnada/Documents/captiopro-saas/src/app/terms"
2025-12-06T10:52:09.387635Z  INFO get_files:scan_sources: tailwindcss_oxide::scanner: Discovering "/Users/sendiwkithnada/Documents/captiopro-saas/src/app/admin"
2025-12-06T10:52:09.387657Z  INFO get_files:scan_sources: tailwindcss_oxide::scanner: Discovering "/Users/sendiwkithnada/Documents/captiopro-saas/src/app/about"
2025-12-06T10:52:09.387680Z  INFO get_files:scan_sources: tailwindcss_oxide::scanner: Discovering "/Users/sendiwkithnada/Documents/captiopro-saas/src/app/blog"
2025-12-06T10:52:09.387703Z  INFO get_files:scan_sources: tailwindcss_oxide::scanner: Discovering "/Users/sendiwkithnada/Documents/captiopro-saas/src/app/dashboard"
2025-12-06T10:52:09.387727Z  INFO get_files:scan_sources: tailwindcss_oxide::scanner: Discovering "/Users/sendiwkithnada/Documents/captiopro-saas/src/app/api"
2025-12-06T10:52:09.387745Z  INFO get_files:scan_sources: tailwindcss_oxide::scanner: Discovering "/Users/sendiwkithnada/Documents/captiopro-saas/src/app/api/auth"
2025-12-06T10:52:09.387763Z  INFO get_files:scan_sources: tailwindcss_oxide::scanner: Discovering "/Users/sendiwkithnada/Documents/captiopro-saas/src/app/api/auth/signup"
2025-12-06T10:52:09.387785Z  INFO get_files:scan_sources: tailwindcss_oxide::scanner: Discovering "/Users/sendiwkithnada/Documents/captiopro-saas/src/app/api/auth/login"
2025-12-06T10:52:09.387807Z  INFO get_files:scan_sources: tailwindcss_oxide::scanner: Discovering "/Users/sendiwkithnada/Documents/captiopro-saas/src/app/account"
2025-12-06T10:52:09.387832Z  INFO get_files:scan_sources: tailwindcss_oxide::scanner: Discovering "/Users/sendiwkithnada/Documents/captiopro-saas/src/app/pricing"
2025-12-06T10:52:09.387855Z  INFO get_files:scan_sources: tailwindcss_oxide::scanner: Discovering "/Users/sendiwkithnada/Documents/captiopro-saas/src/app/login"
2025-12-06T10:52:09.387876Z  INFO get_files:scan_sources: tailwindcss_oxide::scanner: Discovering "/Users/sendiwkithnada/Documents/captiopro-saas/src/components"
2025-12-06T10:52:09.387955Z  INFO get_files:scan_sources: tailwindcss_oxide::scanner: Discovering "/Users/sendiwkithnada/Documents/captiopro-saas/src/lib"
2025-12-06T10:52:09.387972Z  INFO get_files:scan_sources: tailwindcss_oxide::scanner: Discovering "/Users/sendiwkithnada/Documents/captiopro-saas/src/lib/prisma"
2025-12-06T10:52:09.388007Z  INFO get_files:scan_sources: tailwindcss_oxide::scanner: exit
2025-12-06T10:52:09.388130Z  INFO get_files: tailwindcss_oxide::scanner: exit
2025-12-06T10:52:09.388211Z  INFO get_globs: tailwindcss_oxide::scanner: enter
2025-12-06T10:52:09.388215Z  INFO get_globs:scan_sources: tailwindcss_oxide::scanner: enter
2025-12-06T10:52:09.388481Z  INFO get_globs:scan_sources: tailwindcss_oxide::scanner: Discovering "/Users/sendiwkithnada/Documents/captiopro-saas/prisma"
2025-12-06T10:52:09.388505Z  INFO get_globs:scan_sources: tailwindcss_oxide::scanner: Discovering "/Users/sendiwkithnada/Documents/captiopro-saas/prisma/migrations"
2025-12-06T10:52:09.388533Z  INFO get_globs:scan_sources: tailwindcss_oxide::scanner: Discovering "/Users/sendiwkithnada/Documents/captiopro-saas/prisma/migrations/20251206095250_init_postgresql"
2025-12-06T10:52:09.388604Z  INFO get_globs:scan_sources: tailwindcss_oxide::scanner: Discovering "/Users/sendiwkithnada/Documents/captiopro-saas/public"
2025-12-06T10:52:09.388707Z  INFO get_globs:scan_sources: tailwindcss_oxide::scanner: Discovering "/Users/sendiwkithnada/Documents/captiopro-saas/src"
2025-12-06T10:52:09.388727Z  INFO get_globs:scan_sources: tailwindcss_oxide::scanner: Discovering "/Users/sendiwkithnada/Documents/captiopro-saas/src/app"
2025-12-06T10:52:09.388748Z  INFO get_globs:scan_sources: tailwindcss_oxide::scanner: Discovering "/Users/sendiwkithnada/Documents/captiopro-saas/src/app/contact"
2025-12-06T10:52:09.388771Z  INFO get_globs:scan_sources: tailwindcss_oxide::scanner: Discovering "/Users/sendiwkithnada/Documents/captiopro-saas/src/app/privacy"
2025-12-06T10:52:09.388792Z  INFO get_globs:scan_sources: tailwindcss_oxide::scanner: Discovering "/Users/sendiwkithnada/Documents/captiopro-saas/src/app/signup"
2025-12-06T10:52:09.388813Z  INFO get_globs:scan_sources: tailwindcss_oxide::scanner: Discovering "/Users/sendiwkithnada/Documents/captiopro-saas/src/app/features"
2025-12-06T10:52:09.388833Z  INFO get_globs:scan_sources: tailwindcss_oxide::scanner: Discovering "/Users/sendiwkithnada/Documents/captiopro-saas/src/app/terms"
2025-12-06T10:52:09.388853Z  INFO get_globs:scan_sources: tailwindcss_oxide::scanner: Discovering "/Users/sendiwkithnada/Documents/captiopro-saas/src/app/admin"
2025-12-06T10:52:09.388873Z  INFO get_globs:scan_sources: tailwindcss_oxide::scanner: Discovering "/Users/sendiwkithnada/Documents/captiopro-saas/src/app/about"
2025-12-06T10:52:09.388893Z  INFO get_globs:scan_sources: tailwindcss_oxide::scanner: Discovering "/Users/sendiwkithnada/Documents/captiopro-saas/src/app/blog"
2025-12-06T10:52:09.388914Z  INFO get_globs:scan_sources: tailwindcss_oxide::scanner: Discovering "/Users/sendiwkithnada/Documents/captiopro-saas/src/app/dashboard"
2025-12-06T10:52:09.388940Z  INFO get_globs:scan_sources: tailwindcss_oxide::scanner: Discovering "/Users/sendiwkithnada/Documents/captiopro-saas/src/app/api"
2025-12-06T10:52:09.388957Z  INFO get_globs:scan_sources: tailwindcss_oxide::scanner: Discovering "/Users/sendiwkithnada/Documents/captiopro-saas/src/app/api/auth"
2025-12-06T10:52:09.388974Z  INFO get_globs:scan_sources: tailwindcss_oxide::scanner: Discovering "/Users/sendiwkithnada/Documents/captiopro-saas/src/app/api/auth/signup"
2025-12-06T10:52:09.388996Z  INFO get_globs:scan_sources: tailwindcss_oxide::scanner: Discovering "/Users/sendiwkithnada/Documents/captiopro-saas/src/app/api/auth/login"
2025-12-06T10:52:09.389017Z  INFO get_globs:scan_sources: tailwindcss_oxide::scanner: Discovering "/Users/sendiwkithnada/Documents/captiopro-saas/src/app/account"
2025-12-06T10:52:09.389041Z  INFO get_globs:scan_sources: tailwindcss_oxide::scanner: Discovering "/Users/sendiwkithnada/Documents/captiopro-saas/src/app/pricing"
2025-12-06T10:52:09.389064Z  INFO get_globs:scan_sources: tailwindcss_oxide::scanner: Discovering "/Users/sendiwkithnada/Documents/captiopro-saas/src/app/login"
2025-12-06T10:52:09.389084Z  INFO get_globs:scan_sources: tailwindcss_oxide::scanner: Discovering "/Users/sendiwkithnada/Documents/captiopro-saas/src/components"
2025-12-06T10:52:09.389167Z  INFO get_globs:scan_sources: tailwindcss_oxide::scanner: Discovering "/Users/sendiwkithnada/Documents/captiopro-saas/src/lib"
2025-12-06T10:52:09.389187Z  INFO get_globs:scan_sources: tailwindcss_oxide::scanner: Discovering "/Users/sendiwkithnada/Documents/captiopro-saas/src/lib/prisma"
2025-12-06T10:52:09.389222Z  INFO get_globs:scan_sources: tailwindcss_oxide::scanner: exit
2025-12-06T10:52:09.390703Z  INFO get_globs: tailwindcss_oxide::scanner: exit
